GronekA@E5803 MINGW64 /d/TEST/_ABAKUS/Data Scientist/Materiały/2022-03-28_04-05_Przetwarzanie zbiorów danych/SDA_zadania-master
$ ls
README.md  SDA_DATA.ipynb

GronekA@E5803 MINGW64 /d/TEST/_ABAKUS/Data Scientist/Materiały/2022-03-28_04-05_Przetwarzanie zbiorów danych/SDA_zadania-master
$ git init
Initialized empty Git repository in D:/TEST/_ABAKUS/Data Scientist/Materiały/2022-03-28_04-05_Przetwarzanie zbiorów danych/SDA_zadania-master/.git/

GronekA@E5803 MINGW64 /d/TEST/_ABAKUS/Data Scientist/Materiały/2022-03-28_04-05_Przetwarzanie zbiorów danych/SDA_zadania-master (master)
$ git add SDA_DATA.ipynb
warning: LF will be replaced by CRLF in SDA_DATA.ipynb.
The file will have its original line endings in your working directory

GronekA@E5803 MINGW64 /d/TEST/_ABAKUS/Data Scientist/Materiały/2022-03-28_04-05_Przetwarzanie zbiorów danych/SDA_zadania-master (master)
$ git commit -m "Dodanie SDA_DATA.ipynb"
Author identity unknown

*** Please tell me who you are.

Run

  git config --global user.email "you@example.com"
  git config --global user.name "Your Name"

to set your account's default identity.
Omit --global to set the identity only in this repository.

fatal: unable to auto-detect email address (got 'GronekA@E5803.(none)')

GronekA@E5803 MINGW64 /d/TEST/_ABAKUS/Data Scientist/Materiały/2022-03-28_04-05_Przetwarzanie zbiorów danych/SDA_zadania-master (master)
$ git config --global user.email "artur.gronek@gmail.com"

GronekA@E5803 MINGW64 /d/TEST/_ABAKUS/Data Scientist/Materiały/2022-03-28_04-05_Przetwarzanie zbiorów danych/SDA_zadania-master (master)
$ git config --global user.name "Artur Gronek"

GronekA@E5803 MINGW64 /d/TEST/_ABAKUS/Data Scientist/Materiały/2022-03-28_04-05_Przetwarzanie zbiorów danych/SDA_zadania-master (master)
$ git commit -m "Dodanie SDA_DATA.ipynb"
[master (root-commit) 4306349] Dodanie SDA_DATA.ipynb
 1 file changed, 890 insertions(+)
 create mode 100644 SDA_DATA.ipynb

GronekA@E5803 MINGW64 /d/TEST/_ABAKUS/Data Scientist/Materiały/2022-03-28_04-05_Przetwarzanie zbiorów danych/SDA_zadania-master (master)
$ git branch -M main

GronekA@E5803 MINGW64 /d/TEST/_ABAKUS/Data Scientist/Materiały/2022-03-28_04-05_Przetwarzanie zbiorów danych/SDA_zadania-master (main)
$ git remote add origin https://github.com/abakusinfopl/TestRepo5.git

GronekA@E5803 MINGW64 /d/TEST/_ABAKUS/Data Scientist/Materiały/2022-03-28_04-05_Przetwarzanie zbiorów danych/SDA_zadania-master (main)
$ git push -u irigin main
fatal: 'irigin' does not appear to be a git repository
fatal: Could not read from remote repository.

Please make sure you have the correct access rights
and the repository exists.

GronekA@E5803 MINGW64 /d/TEST/_ABAKUS/Data Scientist/Materiały/2022-03-28_04-05_Przetwarzanie zbiorów danych/SDA_zadania-master (main)
$ git push -u origin main
Enumerating objects: 3, done.
Counting objects: 100% (3/3), done.
Delta compression using up to 2 threads
Compressing objects: 100% (2/2), done.
Writing objects: 100% (3/3), 4.36 KiB | 372.00 KiB/s, done.
Total 3 (delta 0), reused 0 (delta 0), pack-reused 0
To https://github.com/abakusinfopl/TestRepo5.git
 * [new branch]      main -> main
branch 'main' set up to track 'origin/main'.

GronekA@E5803 MINGW64 /d/TEST/_ABAKUS/Data Scientist/Materiały/2022-03-28_04-05_Przetwarzanie zbiorów danych/SDA_zadania-master (main)
$
10:39 2022-03-31
Poszło:
git remote set-url origin ssh://git@github.com/PiotrWNowak/SDA_zadania.git
10:45 2022-03-31

$ git push
git@github.com: Permission denied (publickey).
fatal: Could not read from remote repository.

Please make sure you have the correct access rights
and the repository exists.

GronekA@E5803 MINGW64 /d/TEST/_ABAKUS/Data Scientist/Materiały/2022-03-28_04-05_Przetwarzanie zbiorów danych/SDA_zadania-master (main)
$ git remote set-url origin ssh://git@github.com/PiotrWNowak/SDA_zadania.git^C

GronekA@E5803 MINGW64 /d/TEST/_ABAKUS/Data Scientist/Materiały/2022-03-28_04-05_Przetwarzanie zbiorów danych/SDA_zadania-master (main)
$ git remote -v
origin  ssh://git@github.com/PiotrWNowak/SDA_zadania.git (fetch)
origin  ssh://git@github.com/PiotrWNowak/SDA_zadania.git (push)

GronekA@E5803 MINGW64 /d/TEST/_ABAKUS/Data Scientist/Materiały/2022-03-28_04-05_Przetwarzanie zbiorów danych/SDA_zadania-master (main)
$ git remote rename origin PiotrNowak

GronekA@E5803 MINGW64 /d/TEST/_ABAKUS/Data Scientist/Materiały/2022-03-28_04-05_Przetwarzanie zbiorów danych/SDA_zadania-master (main)
$ git remote -v
PiotrNowak      ssh://git@github.com/PiotrWNowak/SDA_zadania.git (fetch)
PiotrNowak      ssh://git@github.com/PiotrWNowak/SDA_zadania.git (push)

GronekA@E5803 MINGW64 /d/TEST/_ABAKUS/Data Scientist/Materiały/2022-03-28_04-05_Przetwarzanie zbiorów danych/SDA_zadania-master (main)
$ git push -u origin main
fatal: 'origin' does not appear to be a git repository
fatal: Could not read from remote repository.

Please make sure you have the correct access rights
and the repository exists.

GronekA@E5803 MINGW64 /d/TEST/_ABAKUS/Data Scientist/Materiały/2022-03-28_04-05_Przetwarzanie zbiorów danych/SDA_zadania-master (main)
$ git remote add origin https://github.com/abakusinfopl/TestRepo5.git

GronekA@E5803 MINGW64 /d/TEST/_ABAKUS/Data Scientist/Materiały/2022-03-28_04-05_Przetwarzanie zbiorów danych/SDA_zadania-master (main)
$ git remote -v
PiotrNowak      ssh://git@github.com/PiotrWNowak/SDA_zadania.git (fetch)
PiotrNowak      ssh://git@github.com/PiotrWNowak/SDA_zadania.git (push)
origin  https://github.com/abakusinfopl/TestRepo5.git (fetch)
origin  https://github.com/abakusinfopl/TestRepo5.git (push)

GronekA@E5803 MINGW64 /d/TEST/_ABAKUS/Data Scientist/Materiały/2022-03-28_04-05_Przetwarzanie zbiorów danych/SDA_zadania-master (main)
$ git push -u origin main
Everything up-to-date
branch 'main' set up to track 'origin/main'.

GronekA@E5803 MINGW64 /d/TEST/_ABAKUS/Data Scientist/Materiały/2022-03-28_04-05_Przetwarzanie zbiorów danych/SDA_zadania-master (main)
$ git commit -m "Dodanie git remote set-url origin ssh://git@github.com/PiotrWNowak/SDA_zadania.git"
On branch main
Your branch is up to date with 'origin/main'.

Changes not staged for commit:
  (use "git add <file>..." to update what will be committed)
  (use "git restore <file>..." to discard changes in working directory)
        modified:   Notatki_konf.txt

Untracked files:
  (use "git add <file>..." to include in what will be committed)
        README.md

no changes added to commit (use "git add" and/or "git commit -a")

GronekA@E5803 MINGW64 /d/TEST/_ABAKUS/Data Scientist/Materiały/2022-03-28_04-05_Przetwarzanie zbiorów danych/SDA_zadania-master (main)
$ git add Notatki_konf.txt

GronekA@E5803 MINGW64 /d/TEST/_ABAKUS/Data Scientist/Materiały/2022-03-28_04-05_Przetwarzanie zbiorów danych/SDA_zadania-master (main)
$ git push -u origin main
Everything up-to-date
branch 'main' set up to track 'origin/main'.

GronekA@E5803 MINGW64 /d/TEST/_ABAKUS/Data Scientist/Materiały/2022-03-28_04-05_Przetwarzanie zbiorów danych/SDA_zadania-master (main)
11:00 2022-03-31

Zmiana nazwy repozytorium Piotra - bez skutku
Przywrócenie własnego - OK
11:02 2022-03-31

GronekA@E5803 MINGW64 /d/TEST/_ABAKUS/Data Scientist/Materiały/2022-03-28_04-05_Przetwarzanie zbiorów danych/SDA_zadania-master (main)
$ git commit -m "Dodanie git remote set-url origin ssh://git@github.com/PiotrWNowak/SDA_zadania.git"
[main aac1efc] Dodanie git remote set-url origin ssh://git@github.com/PiotrWNowak/SDA_zadania.git
 1 file changed, 11 insertions(+)

GronekA@E5803 MINGW64 /d/TEST/_ABAKUS/Data Scientist/Materiały/2022-03-28_04-05_Przetwarzanie zbiorów danych/SDA_zadania-master (main)
$

GronekA@E5803 MINGW64 /d/TEST/_ABAKUS/Data Scientist/Materiały/2022-03-28_04-05_Przetwarzanie zbiorów danych/SDA_zadania-master (main)
$ git commit -m "Przywrócenie własnego repozytorium - OK"
On branch main
Your branch is ahead of 'origin/main' by 1 commit.
  (use "git push" to publish your local commits)

Changes not staged for commit:
  (use "git add <file>..." to update what will be committed)
  (use "git restore <file>..." to discard changes in working directory)
        modified:   Notatki_konf.txt

Untracked files:
  (use "git add <file>..." to include in what will be committed)
        README.md

no changes added to commit (use "git add" and/or "git commit -a")

GronekA@E5803 MINGW64 /d/TEST/_ABAKUS/Data Scientist/Materiały/2022-03-28_04-05_Przetwarzanie zbiorów danych/SDA_zadania-master (main)
$ git push
Enumerating objects: 5, done.
Counting objects: 100% (5/5), done.
Delta compression using up to 2 threads
Compressing objects: 100% (3/3), done.
Writing objects: 100% (3/3), 524 bytes | 524.00 KiB/s, done.
Total 3 (delta 1), reused 0 (delta 0), pack-reused 0
remote: Resolving deltas: 100% (1/1), completed with 1 local object.
To https://github.com/abakusinfopl/TestRepo5.git
   2f5156d..aac1efc  main -> main

GronekA@E5803 MINGW64 /d/TEST/_ABAKUS/Data Scientist/Materiały/2022-03-28_04-05_Przetwarzanie zbiorów danych/SDA_zadania-master (main)
$ git commit -m "Przywrócenie własnego repozytorium - OK"
On branch main
Your branch is up to date with 'origin/main'.

Changes not staged for commit:
  (use "git add <file>..." to update what will be committed)
  (use "git restore <file>..." to discard changes in working directory)
        modified:   Notatki_konf.txt

Untracked files:
  (use "git add <file>..." to include in what will be committed)
        README.md

no changes added to commit (use "git add" and/or "git commit -a")

GronekA@E5803 MINGW64 /d/TEST/_ABAKUS/Data Scientist/Materiały/2022-03-28_04-05_Przetwarzanie zbiorów danych/SDA_zadania-master (main)
$ git commit Notatki_konf.txt -m "Przywrócenie własnego repozytorium - OK"
[main b23b00d] Przywrócenie własnego repozytorium - OK
 1 file changed, 65 insertions(+)

GronekA@E5803 MINGW64 /d/TEST/_ABAKUS/Data Scientist/Materiały/2022-03-28_04-05_Przetwarzanie zbiorów danych/SDA_zadania-master (main)
$

GronekA@E5803 MINGW64 /d/TEST/_ABAKUS/Data Scientist/Materiały/2022-03-28_04-05_Przetwarzanie zbiorów danych/SDA_zadania-master (main)
$ git push
Enumerating objects: 5, done.
Counting objects: 100% (5/5), done.
Delta compression using up to 2 threads
Compressing objects: 100% (3/3), done.
Writing objects: 100% (3/3), 830 bytes | 12.00 KiB/s, done.
Total 3 (delta 1), reused 0 (delta 0), pack-reused 0
remote: Resolving deltas: 100% (1/1), completed with 1 local object.
To https://github.com/abakusinfopl/TestRepo5.git
   aac1efc..b23b00d  main -> main

GronekA@E5803 MINGW64 /d/TEST/_ABAKUS/Data Scientist/Materiały/2022-03-28_04-05_Przetwarzanie zbiorów danych/SDA_zadania-master (main)
$ git@github.com:abakusinfopl/TestRepo5.git
bash: git@github.com:abakusinfopl/TestRepo5.git: No such file or directory

GronekA@E5803 MINGW64 /d/TEST/_ABAKUS/Data Scientist/Materiały/2022-03-28_04-05_Przetwarzanie zbiorów danych/SDA_zadania-master (main)
$ git remote add origin git@github.com:abakusinfopl/TestRepo5.git
error: remote origin already exists.

GronekA@E5803 MINGW64 /d/TEST/_ABAKUS/Data Scientist/Materiały/2022-03-28_04-05_Przetwarzanie zbiorów danych/SDA_zadania-master (main)
$ git remote add origin git@github.com:abakusinfopl/Przetwarzanie_zbiorow_danych.git
error: remote origin already exists.

GronekA@E5803 MINGW64 /d/TEST/_ABAKUS/Data Scientist/Materiały/2022-03-28_04-05_Przetwarzanie zbiorów danych/SDA_zadania-master (main)
$ echo "# Przetwarzanie_zbiorow_danych" > README.md

GronekA@E5803 MINGW64 /d/TEST/_ABAKUS/Data Scientist/Materiały/2022-03-28_04-05_Przetwarzanie zbiorów danych/SDA_zadania-master (main)
$ git init
Reinitialized existing Git repository in D:/TEST/_ABAKUS/Data Scientist/Materiały/2022-03-28_04-05_Przetwarzanie zbiorów danych/SDA_zadania-master/.git/

GronekA@E5803 MINGW64 /d/TEST/_ABAKUS/Data Scientist/Materiały/2022-03-28_04-05_Przetwarzanie zbiorów danych/SDA_zadania-master (main)
$ git add README.md
warning: LF will be replaced by CRLF in README.md.
The file will have its original line endings in your working directory

GronekA@E5803 MINGW64 /d/TEST/_ABAKUS/Data Scientist/Materiały/2022-03-28_04-05_Przetwarzanie zbiorów danych/SDA_zadania-master (main)
$ git commit -m "commit dla repo Przetwarzanie zbiorow danych"
[main d97d5a6] commit dla repo Przetwarzanie zbiorow danych
 1 file changed, 1 insertion(+)
 create mode 100644 README.md

GronekA@E5803 MINGW64 /d/TEST/_ABAKUS/Data Scientist/Materiały/2022-03-28_04-05_Przetwarzanie zbiorów danych/SDA_zadania-master (main)
$ git branch -M main

GronekA@E5803 MINGW64 /d/TEST/_ABAKUS/Data Scientist/Materiały/2022-03-28_04-05_Przetwarzanie zbiorów danych/SDA_zadania-master (main)
$ git remote add origin git@github.com:abakusinfopl/Przetwarzanie_zbiorow_danych.git
error: remote origin already exists.

GronekA@E5803 MINGW64 /d/TEST/_ABAKUS/Data Scientist/Materiały/2022-03-28_04-05_Przetwarzanie zbiorów danych/SDA_zadania-master (main)
$ git remote add origin https://github.com/abakusinfopl/Przetwarzanie_zbiorow_danych.git
error: remote origin already exists.

GronekA@E5803 MINGW64 /d/TEST/_ABAKUS/Data Scientist/Materiały/2022-03-28_04-05_Przetwarzanie zbiorów danych/SDA_zadania-master (main)
$ ^C

GronekA@E5803 MINGW64 /d/TEST/_ABAKUS/Data Scientist/Materiały/2022-03-28_04-05_Przetwarzanie zbiorów danych/SDA_zadania-master (main)
$ git remote -v
PiotrNowak      ssh://git@github.com/PiotrWNowak/SDA_zadania.git (fetch)
PiotrNowak      ssh://git@github.com/PiotrWNowak/SDA_zadania.git (push)
origin  https://github.com/abakusinfopl/TestRepo5.git (fetch)
origin  https://github.com/abakusinfopl/TestRepo5.git (push)

GronekA@E5803 MINGW64 /d/TEST/_ABAKUS/Data Scientist/Materiały/2022-03-28_04-05_Przetwarzanie zbiorów danych/SDA_zadania-master (main)
$ git remote rename origin Przetwarzanie_zbiorow_danych

GronekA@E5803 MINGW64 /d/TEST/_ABAKUS/Data Scientist/Materiały/2022-03-28_04-05_Przetwarzanie zbiorów danych/SDA_zadania-master (main)
$ git remote -v
PiotrNowak      ssh://git@github.com/PiotrWNowak/SDA_zadania.git (fetch)
PiotrNowak      ssh://git@github.com/PiotrWNowak/SDA_zadania.git (push)
Przetwarzanie_zbiorow_danych    https://github.com/abakusinfopl/TestRepo5.git (fetch)
Przetwarzanie_zbiorow_danych    https://github.com/abakusinfopl/TestRepo5.git (push)

GronekA@E5803 MINGW64 /d/TEST/_ABAKUS/Data Scientist/Materiały/2022-03-28_04-05_Przetwarzanie zbiorów danych/SDA_zadania-master (main)
$ ^C

GronekA@E5803 MINGW64 /d/TEST/_ABAKUS/Data Scientist/Materiały/2022-03-28_04-05_Przetwarzanie zbiorów danych/SDA_zadania-master (main)
$

GronekA@E5803 MINGW64 /d/TEST/_ABAKUS/Data Scientist/Materiały/2022-03-28_04-05_Przetwarzanie zbiorów danych/SDA_zadania-master (main)
$ git remote -v
PiotrNowak      ssh://git@github.com/PiotrWNowak/SDA_zadania.git (fetch)
PiotrNowak      ssh://git@github.com/PiotrWNowak/SDA_zadania.git (push)
Przetwarzanie_zbiorow_danych    https://github.com/abakusinfopl/TestRepo5.git (fetch)
Przetwarzanie_zbiorow_danych    https://github.com/abakusinfopl/TestRepo5.git (push)

GronekA@E5803 MINGW64 /d/TEST/_ABAKUS/Data Scientist/Materiały/2022-03-28_04-05_Przetwarzanie zbiorów danych/SDA_zadania-master (main)
$

GronekA@E5803 MINGW64 /d/TEST/_ABAKUS/Data Scientist/Materiały/2022-03-28_04-05_Przetwarzanie zbiorów danych/SDA_zadania-master (main)
$ git remote -v
PiotrNowak      ssh://git@github.com/PiotrWNowak/SDA_zadania.git (fetch)
PiotrNowak      ssh://git@github.com/PiotrWNowak/SDA_zadania.git (push)
Przetwarzanie_zbiorow_danych    https://github.com/abakusinfopl/TestRepo5.git (fetch)
Przetwarzanie_zbiorow_danych    https://github.com/abakusinfopl/TestRepo5.git (push)

GronekA@E5803 MINGW64 /d/TEST/_ABAKUS/Data Scientist/Materiały/2022-03-28_04-05_Przetwarzanie zbiorów danych/SDA_zadania-master (main)
$ git remote add origin https://github.com/abakusinfopl/Przetwarzanie_zbiorow_danych.git

GronekA@E5803 MINGW64 /d/TEST/_ABAKUS/Data Scientist/Materiały/2022-03-28_04-05_Przetwarzanie zbiorów danych/SDA_zadania-master (main)
$

GronekA@E5803 MINGW64 /d/TEST/_ABAKUS/Data Scientist/Materiały/2022-03-28_04-05_Przetwarzanie zbiorów danych/SDA_zadania-master (main)
$ git commit -m "commit dla repo Przetwarzanie zbiorow danych"
On branch main
Your branch is ahead of 'Przetwarzanie_zbiorow_danych/main' by 1 commit.
  (use "git push" to publish your local commits)

nothing to commit, working tree clean

GronekA@E5803 MINGW64 /d/TEST/_ABAKUS/Data Scientist/Materiały/2022-03-28_04-05_Przetwarzanie zbiorów danych/SDA_zadania-master (main)
$ git push
Enumerating objects: 4, done.
Counting objects: 100% (4/4), done.
Delta compression using up to 2 threads
Compressing objects: 100% (2/2), done.
Writing objects: 100% (3/3), 381 bytes | 381.00 KiB/s, done.
Total 3 (delta 0), reused 0 (delta 0), pack-reused 0
remote: This repository moved. Please use the new location:
remote:   https://github.com/abakusinfopl/Przetwarzanie_zbiorow_danych.git
To https://github.com/abakusinfopl/TestRepo5.git
   b23b00d..d97d5a6  main -> main

GronekA@E5803 MINGW64 /d/TEST/_ABAKUS/Data Scientist/Materiały/2022-03-28_04-05_Przetwarzanie zbiorów danych/SDA_zadania-master (main)
$ git remote -v
PiotrNowak      ssh://git@github.com/PiotrWNowak/SDA_zadania.git (fetch)
PiotrNowak      ssh://git@github.com/PiotrWNowak/SDA_zadania.git (push)
Przetwarzanie_zbiorow_danych    https://github.com/abakusinfopl/TestRepo5.git (fetch)
Przetwarzanie_zbiorow_danych    https://github.com/abakusinfopl/TestRepo5.git (push)
origin  https://github.com/abakusinfopl/Przetwarzanie_zbiorow_danych.git (fetch)
origin  https://github.com/abakusinfopl/Przetwarzanie_zbiorow_danych.git (push)

GronekA@E5803 MINGW64 /d/TEST/_ABAKUS/Data Scientist/Materiały/2022-03-28_04-05_Przetwarzanie zbiorów danych/SDA_zadania-master (main)
$
11:34 2022-03-31

GronekA@E5803 MINGW64 /d/TEST/_ABAKUS/Data Scientist/Materiały/2022-03-28_04-05_Przetwarzanie zbiorów danych/SDA_zadania-master (main)
$ echo 11:34 2022-03-31
11:34 2022-03-31

GronekA@E5803 MINGW64 /d/TEST/_ABAKUS/Data Scientist/Materiały/2022-03-28_04-05_Przetwarzanie zbiorów danych/SDA_zadania-master (main)
$ time

real    0m0.093s
user    0m0.000s
sys     0m0.000s

GronekA@E5803 MINGW64 /d/TEST/_ABAKUS/Data Scientist/Materiały/2022-03-28_04-05_Przetwarzanie zbiorów danych/SDA_zadania-master (main)
$ date
Thu Mar 31 11:35:04     2022

GronekA@E5803 MINGW64 /d/TEST/_ABAKUS/Data Scientist/Materiały/2022-03-28_04-05_Przetwarzanie zbiorów danych/SDA_zadania-master (main)
$
11:40 2022-03-31

GronekA@E5803 MINGW64 /d/TEST/_ABAKUS/Data Scientist/Materiały/2022-03-28_04-05_Przetwarzanie zbiorów danych/SDA_zadania-master (main)
$ git commit -m "Zmiana nazwy repozytorium zdalnego"
On branch main
Your branch is up to date with 'Przetwarzanie_zbiorow_danych/main'.

Changes not staged for commit:
  (use "git add <file>..." to update what will be committed)
  (use "git restore <file>..." to discard changes in working directory)
        modified:   Notatki_konf.txt

no changes added to commit (use "git add" and/or "git commit -a")

GronekA@E5803 MINGW64 /d/TEST/_ABAKUS/Data Scientist/Materiały/2022-03-28_04-05_Przetwarzanie zbiorów danych/SDA_zadania-master (main)
$ git add Notatki_konf.txt -m "Zmiana nazwy repo zdalnego"
error: unknown switch `m'
usage: git add [<options>] [--] <pathspec>...

    -n, --dry-run         dry run
    -v, --verbose         be verbose

    -i, --interactive     interactive picking
    -p, --patch           select hunks interactively
    -e, --edit            edit current diff and apply
    -f, --force           allow adding otherwise ignored files
    -u, --update          update tracked files
    --renormalize         renormalize EOL of tracked files (implies -u)
    -N, --intent-to-add   record only the fact that the path will be added later
    -A, --all             add changes from all tracked and untracked files
    --ignore-removal      ignore paths removed in the working tree (same as --no-all)
    --refresh             don't add, only refresh the index
    --ignore-errors       just skip files which cannot be added because of errors
    --ignore-missing      check if - even missing - files are ignored in dry run
    --sparse              allow updating entries outside of the sparse-checkout cone
    --chmod (+|-)x        override the executable bit of the listed files
    --pathspec-from-file <file>
                          read pathspec from file
    --pathspec-file-nul   with --pathspec-from-file, pathspec elements are separated with NUL character


GronekA@E5803 MINGW64 /d/TEST/_ABAKUS/Data Scientist/Materiały/2022-03-28_04-05_Przetwarzanie zbiorów danych/SDA_zadania-master (main)
$ git push
Everything up-to-date

GronekA@E5803 MINGW64 /d/TEST/_ABAKUS/Data Scientist/Materiały/2022-03-28_04-05_Przetwarzanie zbiorów danych/SDA_zadania-master (main)
$ git remote -v
PiotrNowak      ssh://git@github.com/PiotrWNowak/SDA_zadania.git (fetch)
PiotrNowak      ssh://git@github.com/PiotrWNowak/SDA_zadania.git (push)
Przetwarzanie_zbiorow_danych    https://github.com/abakusinfopl/TestRepo5.git (fetch)
Przetwarzanie_zbiorow_danych    https://github.com/abakusinfopl/TestRepo5.git (push)
origin  https://github.com/abakusinfopl/Przetwarzanie_zbiorow_danych.git (fetch)
origin  https://github.com/abakusinfopl/Przetwarzanie_zbiorow_danych.git (push)

GronekA@E5803 MINGW64 /d/TEST/_ABAKUS/Data Scientist/Materiały/2022-03-28_04-05_Przetwarzanie zbiorów danych/SDA_zadania-master (main)
$ git commit -m "Zmiana nazwy repozytorium zdalnego"
On branch main
Your branch is up to date with 'Przetwarzanie_zbiorow_danych/main'.

Changes not staged for commit:
  (use "git add <file>..." to update what will be committed)
  (use "git restore <file>..." to discard changes in working directory)
        modified:   Notatki_konf.txt

no changes added to commit (use "git add" and/or "git commit -a")

GronekA@E5803 MINGW64 /d/TEST/_ABAKUS/Data Scientist/Materiały/2022-03-28_04-05_Przetwarzanie zbiorów danych/SDA_zadania-master (main)
$ git add Notatki_konf.txt

GronekA@E5803 MINGW64 /d/TEST/_ABAKUS/Data Scientist/Materiały/2022-03-28_04-05_Przetwarzanie zbiorów danych/SDA_zadania-master (main)
$ git commit -m "Zmiana nazwy repozytorium zdalnego"
[main 64fdd1b] Zmiana nazwy repozytorium zdalnego
 1 file changed, 219 insertions(+)

GronekA@E5803 MINGW64 /d/TEST/_ABAKUS/Data Scientist/Materiały/2022-03-28_04-05_Przetwarzanie zbiorów danych/SDA_zadania-master (main)
$ git commit -a
[main eb82135] Uzupełnienie i rekonfiguracja repozytorium zdalnego.
 1 file changed, 1 insertion(+)

GronekA@E5803 MINGW64 /d/TEST/_ABAKUS/Data Scientist/Materiały/2022-03-28_04-05_Przetwarzanie zbiorów danych/SDA_zadania-master (main)
$ git status
On branch main
Your branch is ahead of 'Przetwarzanie_zbiorow_danych/main' by 2 commits.
  (use "git push" to publish your local commits)

nothing to commit, working tree clean

GronekA@E5803 MINGW64 /d/TEST/_ABAKUS/Data Scientist/Materiały/2022-03-28_04-05_Przetwarzanie zbiorów danych/SDA_zadania-master (main)
$ git push
Enumerating objects: 8, done.
Counting objects: 100% (8/8), done.
Delta compression using up to 2 threads
Compressing objects: 100% (6/6), done.
Writing objects: 100% (6/6), 2.67 KiB | 80.00 KiB/s, done.
Total 6 (delta 1), reused 0 (delta 0), pack-reused 0
remote: Resolving deltas: 100% (1/1), done.
remote: This repository moved. Please use the new location:
remote:   https://github.com/abakusinfopl/Przetwarzanie_zbiorow_danych.git
To https://github.com/abakusinfopl/TestRepo5.git
   d97d5a6..eb82135  main -> main

GronekA@E5803 MINGW64 /d/TEST/_ABAKUS/Data Scientist/Materiały/2022-03-28_04-05_Przetwarzanie zbiorów danych/SDA_zadania-master (main)
$ git remote -v
PiotrNowak      ssh://git@github.com/PiotrWNowak/SDA_zadania.git (fetch)
PiotrNowak      ssh://git@github.com/PiotrWNowak/SDA_zadania.git (push)
Przetwarzanie_zbiorow_danych    https://github.com/abakusinfopl/TestRepo5.git (fetch)
Przetwarzanie_zbiorow_danych    https://github.com/abakusinfopl/TestRepo5.git (push)
origin  https://github.com/abakusinfopl/Przetwarzanie_zbiorow_danych.git (fetch)
origin  https://github.com/abakusinfopl/Przetwarzanie_zbiorow_danych.git (push)

GronekA@E5803 MINGW64 /d/TEST/_ABAKUS/Data Scientist/Materiały/2022-03-28_04-05_Przetwarzanie zbiorów danych/SDA_zadania-master (main)
$ git remote rm https://github.com/abakusinfopl/TestRepo5.git
error: No such remote: 'https://github.com/abakusinfopl/TestRepo5.git'

GronekA@E5803 MINGW64 /d/TEST/_ABAKUS/Data Scientist/Materiały/2022-03-28_04-05_Przetwarzanie zbiorów danych/SDA_zadania-master (main)
$ git remote -v
PiotrNowak      ssh://git@github.com/PiotrWNowak/SDA_zadania.git (fetch)
PiotrNowak      ssh://git@github.com/PiotrWNowak/SDA_zadania.git (push)
Przetwarzanie_zbiorow_danych    https://github.com/abakusinfopl/TestRepo5.git (fetch)
Przetwarzanie_zbiorow_danych    https://github.com/abakusinfopl/TestRepo5.git (push)
origin  https://github.com/abakusinfopl/Przetwarzanie_zbiorow_danych.git (fetch)
origin  https://github.com/abakusinfopl/Przetwarzanie_zbiorow_danych.git (push)

GronekA@E5803 MINGW64 /d/TEST/_ABAKUS/Data Scientist/Materiały/2022-03-28_04-05_Przetwarzanie zbiorów danych/SDA_zadania-master (main)
$ git remote rm Przetwarzanie_zbiorow_danych

GronekA@E5803 MINGW64 /d/TEST/_ABAKUS/Data Scientist/Materiały/2022-03-28_04-05_Przetwarzanie zbiorów danych/SDA_zadania-master (main)
$ git remote -v
PiotrNowak      ssh://git@github.com/PiotrWNowak/SDA_zadania.git (fetch)
PiotrNowak      ssh://git@github.com/PiotrWNowak/SDA_zadania.git (push)
origin  https://github.com/abakusinfopl/Przetwarzanie_zbiorow_danych.git (fetch)
origin  https://github.com/abakusinfopl/Przetwarzanie_zbiorow_danych.git (push)

GronekA@E5803 MINGW64 /d/TEST/_ABAKUS/Data Scientist/Materiały/2022-03-28_04-05_Przetwarzanie zbiorów danych/SDA_zadania-master (main)
$ git status
On branch main
nothing to commit, working tree clean

GronekA@E5803 MINGW64 /d/TEST/_ABAKUS/Data Scientist/Materiały/2022-03-28_04-05_Przetwarzanie zbiorów danych/SDA_zadania-master (main)
$ date
Thu Mar 31 12:51:43     2022

GronekA@E5803 MINGW64 /d/TEST/_ABAKUS/Data Scientist/Materiały/2022-03-28_04-05_Przetwarzanie zbiorów danych/SDA_zadania-master (main)
$
GronekA@E5803 MINGW64 /d/TEST/_ABAKUS/Data Scientist/Materiały/2022-03-28_04-05_Przetwarzanie zbiorów danych/SDA_zadania-master (main)
$ git status
On branch main
Changes not staged for commit:
  (use "git add <file>..." to update what will be committed)
  (use "git restore <file>..." to discard changes in working directory)
        modified:   Notatki_konf.txt

no changes added to commit (use "git add" and/or "git commit -a")

GronekA@E5803 MINGW64 /d/TEST/_ABAKUS/Data Scientist/Materiały/2022-03-28_04-05_Przetwarzanie zbiorów danych/SDA_zadania-master (main)
$ git commit -a
[main 92d73d9] Usunięcie nieaktualnego repo i aktualizacja notatek
 1 file changed, 144 insertions(+)

GronekA@E5803 MINGW64 /d/TEST/_ABAKUS/Data Scientist/Materiały/2022-03-28_04-05_Przetwarzanie zbiorów danych/SDA_zadania-master (main)
$ git push
fatal: The current branch main has no upstream branch.
To push the current branch and set the remote as upstream, use

    git push --set-upstream origin main
12:57 2022-03-31
$ git push --set-upstream origin main
Enumerating objects: 5, done.
Counting objects: 100% (5/5), done.
Delta compression using up to 2 threads
Compressing objects: 100% (3/3), done.
Writing objects: 100% (3/3), 1.41 KiB | 722.00 KiB/s, done.
Total 3 (delta 1), reused 0 (delta 0), pack-reused 0
remote: Resolving deltas: 100% (1/1), completed with 1 local object.
To https://github.com/abakusinfopl/Przetwarzanie_zbiorow_danych.git
   eb82135..92d73d9  main -> main
branch 'main' set up to track 'origin/main'.

GronekA@E5803 MINGW64 /d/TEST/_ABAKUS/Data Scientist/Materiały/2022-03-28_04-05_Przetwarzanie zbiorów danych/SDA_zadania-master (main)
$ git status
On branch main
Your branch is up to date with 'origin/main'.

Changes not staged for commit:
  (use "git add <file>..." to update what will be committed)
  (use "git restore <file>..." to discard changes in working directory)
        modified:   Notatki_konf.txt

no changes added to commit (use "git add" and/or "git commit -a")

GronekA@E5803 MINGW64 /d/TEST/_ABAKUS/Data Scientist/Materiały/2022-03-28_04-05_Przetwarzanie zbiorów danych/SDA_zadania-master (main)
$ git commit -a
[main 89b8977] Po wykonaniu git push --set-upstream origin main
 1 file changed, 22 insertions(+)

GronekA@E5803 MINGW64 /d/TEST/_ABAKUS/Data Scientist/Materiały/2022-03-28_04-05_Przetwarzanie zbiorów danych/SDA_zadania-master (main)
$

GronekA@E5803 MINGW64 /d/TEST/_ABAKUS/Data Scientist/Materiały/2022-03-28_04-05_Przetwarzanie zbiorów danych/SDA_zadania-master (main)
$ git status
On branch main
Your branch is ahead of 'origin/main' by 1 commit.
  (use "git push" to publish your local commits)

nothing to commit, working tree clean

GronekA@E5803 MINGW64 /d/TEST/_ABAKUS/Data Scientist/Materiały/2022-03-28_04-05_Przetwarzanie zbiorów danych/SDA_zadania-master (main)
$ git push
Enumerating objects: 5, done.
Counting objects: 100% (5/5), done.
Delta compression using up to 2 threads
Compressing objects: 100% (3/3), done.
Writing objects: 100% (3/3), 626 bytes | 626.00 KiB/s, done.
Total 3 (delta 1), reused 0 (delta 0), pack-reused 0
remote: Resolving deltas: 100% (1/1), completed with 1 local object.
To https://github.com/abakusinfopl/Przetwarzanie_zbiorow_danych.git
   92d73d9..89b8977  main -> main

GronekA@E5803 MINGW64 /d/TEST/_ABAKUS/Data Scientist/Materiały/2022-03-28_04-05_Przetwarzanie zbiorów danych/SDA_zadania-master (main)
$ date
Thu Mar 31 13:01:22     2022

GronekA@E5803 MINGW64 /d/TEST/_ABAKUS/Data Scientist/Materiały/2022-03-28_04-05_Przetwarzanie zbiorów danych/SDA_zadania-master (main)
$ git status
On branch main
Your branch is up to date with 'origin/main'.

Changes not staged for commit:
  (use "git add <file>..." to update what will be committed)
  (use "git restore <file>..." to discard changes in working directory)
        modified:   Notatki_konf.txt

no changes added to commit (use "git add" and/or "git commit -a")

GronekA@E5803 MINGW64 /d/TEST/_ABAKUS/Data Scientist/Materiały/2022-03-28_04-05_Przetwarzanie zbiorów danych/SDA_zadania-master (main)
$ git commit -a
[main 2981ef8] Zaktualizowane stany
 1 file changed, 55 insertions(+)

GronekA@E5803 MINGW64 /d/TEST/_ABAKUS/Data Scientist/Materiały/2022-03-28_04-05_Przetwarzanie zbiorów danych/SDA_zadania-master (main)
$ git push
Enumerating objects: 5, done.
Counting objects: 100% (5/5), done.
Delta compression using up to 2 threads
Compressing objects: 100% (3/3), done.
Writing objects: 100% (3/3), 559 bytes | 279.00 KiB/s, done.
Total 3 (delta 1), reused 0 (delta 0), pack-reused 0
remote: Resolving deltas: 100% (1/1), completed with 1 local object.
To https://github.com/abakusinfopl/Przetwarzanie_zbiorow_danych.git
   89b8977..2981ef8  main -> main

GronekA@E5803 MINGW64 /d/TEST/_ABAKUS/Data Scientist/Materiały/2022-03-28_04-05_Przetwarzanie zbiorów danych/SDA_zadania-master (main)
$

GronekA@E5803 MINGW64 /d/TEST/_ABAKUS/Data Scientist/Materiały/2022-03-28_04-05_Przetwarzanie zbiorów danych/SDA_zadania-master (main)
$ git status
On branch main
Your branch is up to date with 'origin/main'.

nothing to commit, working tree clean

GronekA@E5803 MINGW64 /d/TEST/_ABAKUS/Data Scientist/Materiały/2022-03-28_04-05_Przetwarzanie zbiorów danych/SDA_zadania-master (main)
$

GronekA@E5803 MINGW64 /d/TEST/_ABAKUS/Data Scientist/Materiały/2022-03-28_04-05_Przetwarzanie zbiorów danych/SDA_zadania-master (main)
$ git status
On branch main
Your branch is up to date with 'origin/main'.

Changes not staged for commit:
  (use "git add <file>..." to update what will be committed)
  (use "git restore <file>..." to discard changes in working directory)
        modified:   SDA_DATA.ipynb

no changes added to commit (use "git add" and/or "git commit -a")

GronekA@E5803 MINGW64 /d/TEST/_ABAKUS/Data Scientist/Materiały/2022-03-28_04-05_Przetwarzanie zbiorów danych/SDA_zadania-master (main)
$ date
Thu Mar 31 14:47:21     2022

Edycja przez VIM

